    set -x WIRETAP_ACTIVE 1
    set -g __WIRETAP_OLD_PATH $PATH
    set -g __WIRETAP_OLD_HTTP_PROXY $HTTP_PROXY
    set -g __WIRETAP_OLD_HTTPS_PROXY $HTTPS_PROXY
    set -g __WIRETAP_OLD_NO_PROXY $NO_PROXY
    set -g __WIRETAP_OLD_http_proxy $http_proxy
    set -g __WIRETAP_OLD_https_proxy $https_proxy
    set -g __WIRETAP_OLD_no_proxy $no_proxy
    set -x HTTP_PROXY "http://127.0.0.1:8888"
    set -x HTTPS_PROXY "http://127.0.0.1:8888"
    set -x http_proxy "http://127.0.0.1:8888"
    set -x https_proxy "http://127.0.0.1:8888"
    set -x NO_PROXY "127.0.0.1:8888,localhost:8888,127.0.0.1:9876,localhost:9876"
    set -x no_proxy "127.0.0.1:8888,localhost:8888,127.0.0.1:9876,localhost:9876"
    set -x PATH "/home/user/.local/share/wiretap/override-bin" $PATH
    function wiretap_stop_interception
        set -gx PATH $__WIRETAP_OLD_PATH
        if set -q __WIRETAP_OLD_HTTP_PROXY[1]
            set -gx HTTP_PROXY $__WIRETAP_OLD_HTTP_PROXY
        else
            set -e HTTP_PROXY
        end
        if set -q __WIRETAP_OLD_HTTPS_PROXY[1]
            set -gx HTTPS_PROXY $__WIRETAP_OLD_HTTPS_PROXY
        else
            set -e HTTPS_PROXY
        end
        if set -q __WIRETAP_OLD_NO_PROXY[1]
            set -gx NO_PROXY $__WIRETAP_OLD_NO_PROXY
        else
            set -e NO_PROXY
        end
        if set -q __WIRETAP_OLD_http_proxy[1]
            set -gx http_proxy $__WIRETAP_OLD_http_proxy
        else
            set -e http_proxy
        end
        if set -q __WIRETAP_OLD_https_proxy[1]
            set -gx https_proxy $__WIRETAP_OLD_https_proxy
        else
            set -e https_proxy
        end
        if set -q __WIRETAP_OLD_no_proxy[1]
            set -gx no_proxy $__WIRETAP_OLD_no_proxy
        else
            set -e no_proxy
        end
        set -e __WIRETAP_OLD_PATH __WIRETAP_OLD_HTTP_PROXY __WIRETAP_OLD_HTTPS_PROXY __WIRETAP_OLD_NO_PROXY
        set -e __WIRETAP_OLD_http_proxy __WIRETAP_OLD_https_proxy __WIRETAP_OLD_no_proxy
        set -e WIRETAP_ACTIVE
        echo 'wiretap: interception disabled in this shell'
        functions -e wiretap_stop_interception
    end
    if command -v curl >/dev/null 2>&1
        curl --noproxy '*' -X POST "http://127.0.0.1:9999/callback" >/dev/null 2>&1 &
    end
    echo 'wiretap: interception enabled'
    echo 'Run wiretap_stop_interception to stop intercepting in this shell.'
